Archive member included to satisfy reference by file (symbol)

c:/program files (x86)/gnu tools arm embedded/5.4 2016q2/bin/../lib/gcc/arm-none-eabi/5.4.1/armv7e-m\libgcc.a(_arm_addsubdf3.o)
                              ..\obj\draw_functions.o (__aeabi_dsub)
c:/program files (x86)/gnu tools arm embedded/5.4 2016q2/bin/../lib/gcc/arm-none-eabi/5.4.1/armv7e-m\libgcc.a(_arm_muldivdf3.o)
                              ..\obj\draw_functions.o (__aeabi_dmul)
c:/program files (x86)/gnu tools arm embedded/5.4 2016q2/bin/../lib/gcc/arm-none-eabi/5.4.1/armv7e-m\libgcc.a(_arm_fixdfsi.o)
                              ..\obj\draw_functions.o (__aeabi_d2iz)
c:/program files (x86)/gnu tools arm embedded/5.4 2016q2/bin/../lib/gcc/arm-none-eabi/5.4.1/armv7e-m\libgcc.a(_arm_fixunsdfsi.o)
                              ..\obj\draw_functions.o (__aeabi_d2uiz)
c:/program files (x86)/gnu tools arm embedded/5.4 2016q2/bin/../lib/gcc/arm-none-eabi/5.4.1/armv7e-m\libgcc.a(_arm_addsubsf3.o)
                              ..\obj\draw_functions.o (__aeabi_i2f)
c:/program files (x86)/gnu tools arm embedded/5.4 2016q2/bin/../lib/gcc/arm-none-eabi/5.4.1/armv7e-m\libgcc.a(_arm_muldivsf3.o)
                              ..\obj\draw_functions.o (__aeabi_fmul)
c:/program files (x86)/gnu tools arm embedded/5.4 2016q2/bin/../lib/gcc/arm-none-eabi/5.4.1/../../../../arm-none-eabi/lib/armv7e-m\libg.a(lib_a-atoi.o)
                              ..\obj\draw_functions.o (atoi)
c:/program files (x86)/gnu tools arm embedded/5.4 2016q2/bin/../lib/gcc/arm-none-eabi/5.4.1/../../../../arm-none-eabi/lib/armv7e-m\libg.a(lib_a-memcpy.o)
                              ..\obj\draw_functions.o (memcpy)
c:/program files (x86)/gnu tools arm embedded/5.4 2016q2/bin/../lib/gcc/arm-none-eabi/5.4.1/../../../../arm-none-eabi/lib/armv7e-m\libg.a(lib_a-memset.o)
                              ..\obj\draw_functions.o (memset)
c:/program files (x86)/gnu tools arm embedded/5.4 2016q2/bin/../lib/gcc/arm-none-eabi/5.4.1/../../../../arm-none-eabi/lib/armv7e-m\libg.a(lib_a-strcmp.o)
                              ..\obj\logic_Layer.o (strcmp)
c:/program files (x86)/gnu tools arm embedded/5.4 2016q2/bin/../lib/gcc/arm-none-eabi/5.4.1/../../../../arm-none-eabi/lib/armv7e-m\libg.a(lib_a-strcpy.o)
                              ..\obj\logic_Layer.o (strcpy)
c:/program files (x86)/gnu tools arm embedded/5.4 2016q2/bin/../lib/gcc/arm-none-eabi/5.4.1/../../../../arm-none-eabi/lib/armv7e-m\libg.a(lib_a-strtok.o)
                              ..\obj\logic_Layer.o (strtok)
c:/program files (x86)/gnu tools arm embedded/5.4 2016q2/bin/../lib/gcc/arm-none-eabi/5.4.1/../../../../arm-none-eabi/lib/armv7e-m\libg.a(lib_a-strtok_r.o)
                              c:/program files (x86)/gnu tools arm embedded/5.4 2016q2/bin/../lib/gcc/arm-none-eabi/5.4.1/../../../../arm-none-eabi/lib/armv7e-m\libg.a(lib_a-strtok.o) (__strtok_r)
c:/program files (x86)/gnu tools arm embedded/5.4 2016q2/bin/../lib/gcc/arm-none-eabi/5.4.1/../../../../arm-none-eabi/lib/armv7e-m\libg.a(lib_a-strtol.o)
                              c:/program files (x86)/gnu tools arm embedded/5.4 2016q2/bin/../lib/gcc/arm-none-eabi/5.4.1/../../../../arm-none-eabi/lib/armv7e-m\libg.a(lib_a-atoi.o) (_strtol_r)
c:/program files (x86)/gnu tools arm embedded/5.4 2016q2/bin/../lib/gcc/arm-none-eabi/5.4.1/../../../../arm-none-eabi/lib/armv7e-m\libg.a(lib_a-vsnprintf.o)
                              ..\obj\uart.o (vsnprintf)
c:/program files (x86)/gnu tools arm embedded/5.4 2016q2/bin/../lib/gcc/arm-none-eabi/5.4.1/../../../../arm-none-eabi/lib/armv7e-m\libg.a(lib_a-ctype_.o)
                              c:/program files (x86)/gnu tools arm embedded/5.4 2016q2/bin/../lib/gcc/arm-none-eabi/5.4.1/../../../../arm-none-eabi/lib/armv7e-m\libg.a(lib_a-strtol.o) (__ctype_ptr__)
c:/program files (x86)/gnu tools arm embedded/5.4 2016q2/bin/../lib/gcc/arm-none-eabi/5.4.1/../../../../arm-none-eabi/lib/armv7e-m\libg.a(lib_a-impure.o)
                              c:/program files (x86)/gnu tools arm embedded/5.4 2016q2/bin/../lib/gcc/arm-none-eabi/5.4.1/../../../../arm-none-eabi/lib/armv7e-m\libg.a(lib_a-strtok.o) (_impure_ptr)
c:/program files (x86)/gnu tools arm embedded/5.4 2016q2/bin/../lib/gcc/arm-none-eabi/5.4.1/../../../../arm-none-eabi/lib/armv7e-m\libg.a(lib_a-svfprintf.o)
                              c:/program files (x86)/gnu tools arm embedded/5.4 2016q2/bin/../lib/gcc/arm-none-eabi/5.4.1/../../../../arm-none-eabi/lib/armv7e-m\libg.a(lib_a-vsnprintf.o) (_svfprintf_r)
c:/program files (x86)/gnu tools arm embedded/5.4 2016q2/bin/../lib/gcc/arm-none-eabi/5.4.1/../../../../arm-none-eabi/lib/armv7e-m\libg.a(lib_a-dtoa.o)
                              c:/program files (x86)/gnu tools arm embedded/5.4 2016q2/bin/../lib/gcc/arm-none-eabi/5.4.1/../../../../arm-none-eabi/lib/armv7e-m\libg.a(lib_a-svfprintf.o) (_dtoa_r)
[...]
Memory Configuration

Name             Origin             Length             Attributes
rom              0x08000000         0x00100000         xr
ram              0x20000000         0x00020000         xrw
ram1             0x10000000         0x00010000         xrw
*default*        0x00000000         0xffffffff

Linker script and memory map

                0x20020000                _eram = 0x20020000

.text           0x08000000     0x8b70
 *(.isr_vector)
 .isr_vector    0x08000000      0x188 ..\obj\startup_stm32f4xx.o
                0x08000000                g_pfnVectors
 *(.text*)
 .text.uartLezen
                0x08000188       0x20 ..\obj\front_Layer.o
                0x08000188                uartLezen
 .text.USART_Init
                0x080001a8      0x174 ..\obj\stm32f4xx_usart.o
                0x080001a8                USART_Init
 .text.USART_Cmd
                0x0800031c       0x40 ..\obj\stm32f4xx_usart.o
                0x0800031c                USART_Cmd
 .text.USART_SendData
                0x0800035c       0x24 ..\obj\stm32f4xx_usart.o
                0x0800035c                USART_SendData
 .text.USART_ITConfig
                0x08000380       0x90 ..\obj\stm32f4xx_usart.o
                0x08000380                USART_ITConfig
 .text.USART_GetFlagStatus
                0x08000410       0x38 ..\obj\stm32f4xx_usart.o
                0x08000410                USART_GetFlagStatus
 .text.USART_GetITStatus
                0x08000448       0xb4 ..\obj\stm32f4xx_usart.o
                0x08000448                USART_GetITStatus
 .text.USART_ClearITPendingBit
                0x080004fc       0x38 ..\obj\stm32f4xx_usart.o
                0x080004fc                USART_ClearITPendingBit
 .text.UART_init
                0x08000534       0x94 ..\obj\uart.o
                0x08000534                UART_init
 .text.UART_putchar
                0x080005c8       0x34 ..\obj\uart.o
                0x080005c8                UART_putchar
 .text.UART_puts
                0x080005fc       0x38 ..\obj\uart.o
                0x080005fc                UART_puts
 .text.USART2_IRQHandler
                0x08000634       0xb4 ..\obj\uart.o
                0x08000634                USART2_IRQHandler
 .text.UART_get
                0x080006e8       0x30 ..\obj\uart.o
                0x080006e8                UART_get
 .text.UART_gets
                0x08000718       0x58 ..\obj\uart.o
                0x08000718                UART_gets
 .text.Default_Reset_Handler
                0x08000770       0x5c ..\obj\startup_stm32f4xx.o
                0x08000770                Default_Reset_Handler
                0x08000770                Reset_Handler
 .text.Default_Handler
                0x080007cc        0x8 ..\obj\startup_stm32f4xx.o
                0x080007cc                RTC_Alarm_IRQHandler
                0x080007cc                HASH_RNG_IRQHandler
                0x080007cc                EXTI2_IRQHandler
                0x080007cc                TIM8_CC_IRQHandler
                0x080007cc                DebugMon_Handler
                0x080007cc                TIM1_CC_IRQHandler
                0x080007cc                HardFault_Handler
                0x080007cc                DMA1_Stream5_IRQHandler
                0x080007cc                SysTick_Handler
                0x080007cc                PVD_IRQHandler
                0x080007cc                SDIO_IRQHandler
                0x080007cc                TAMP_STAMP_IRQHandler
                0x080007cc                PendSV_Handler
                0x080007cc                NMI_Handler
                0x080007cc                CAN2_RX1_IRQHandler
                0x080007cc                EXTI3_IRQHandler
                0x080007cc                TIM8_TRG_COM_TIM14_IRQHandler
                0x080007cc                TIM1_UP_TIM10_IRQHandler
                0x080007cc                TIM8_UP_TIM13_IRQHandler
                0x080007cc                I2C3_ER_IRQHandler
                0x080007cc                EXTI0_IRQHandler
                0x080007cc                I2C2_EV_IRQHandler
                0x080007cc                DMA1_Stream2_IRQHandler
                0x080007cc                CAN1_RX0_IRQHandler
                0x080007cc                FPU_IRQHandler
                0x080007cc                OTG_HS_WKUP_IRQHandler
                0x080007cc                UsageFault_Handler
                0x080007cc                CAN2_SCE_IRQHandler
                0x080007cc                DMA2_Stream2_IRQHandler
                0x080007cc                SPI1_IRQHandler
                0x080007cc                TIM6_DAC_IRQHandler
                0x080007cc                TIM1_BRK_TIM9_IRQHandler
                0x080007cc                DCMI_IRQHandler
                0x080007cc                CAN2_RX0_IRQHandler
                0x080007cc                DMA2_Stream3_IRQHandler
                0x080007cc                USART6_IRQHandler
                0x080007cc                USART3_IRQHandler
                0x080007cc                CRYP_IRQHandler
                0x080007cc                CAN1_RX1_IRQHandler
                0x080007cc                UART5_IRQHandler
                0x080007cc                DMA2_Stream0_IRQHandler
                0x080007cc                TIM4_IRQHandler
                0x080007cc                I2C1_EV_IRQHandler
                0x080007cc                DMA1_Stream6_IRQHandler
                0x080007cc                DMA1_Stream1_IRQHandler
                0x080007cc                UART4_IRQHandler
                0x080007cc                TIM3_IRQHandler
                0x080007cc                RCC_IRQHandler
                0x080007cc                TIM8_BRK_TIM12_IRQHandler
                0x080007cc                EXTI15_10_IRQHandler
                0x080007cc                ADC_IRQHandler
                0x080007cc                DMA1_Stream7_IRQHandler
                0x080007cc                TIM7_IRQHandler
                0x080007cc                CAN2_TX_IRQHandler
                0x080007cc                TIM5_IRQHandler
                0x080007cc                DMA2_Stream7_IRQHandler
                0x080007cc                I2C3_EV_IRQHandler
                0x080007cc                EXTI9_5_IRQHandler
                0x080007cc                RTC_WKUP_IRQHandler
                0x080007cc                ETH_WKUP_IRQHandler
                0x080007cc                SPI2_IRQHandler
                0x080007cc                OTG_HS_EP1_IN_IRQHandler
                0x080007cc                MemManage_Handler
                0x080007cc                DMA1_Stream0_IRQHandler
                0x080007cc                CAN1_TX_IRQHandler
                0x080007cc                SVC_Handler
                0x080007cc                EXTI4_IRQHandler
                0x080007cc                FSMC_IRQHandler
                0x080007cc                ETH_IRQHandler
                0x080007cc                OTG_HS_EP1_OUT_IRQHandler
                0x080007cc                WWDG_IRQHandler
                0x080007cc                OTG_FS_WKUP_IRQHandler
                0x080007cc                TIM1_TRG_COM_TIM11_IRQHandler
                0x080007cc                OTG_HS_IRQHandler
                0x080007cc                EXTI1_IRQHandler
                0x080007cc                I2C2_ER_IRQHandler
                0x080007cc                DMA2_Stream1_IRQHandler
                0x080007cc                CAN1_SCE_IRQHandler
                0x080007cc                FLASH_IRQHandler
                0x080007cc                DMA2_Stream4_IRQHandler
                0x080007cc                BusFault_Handler
                0x080007cc                USART1_IRQHandler
                0x080007cc                OTG_FS_IRQHandler
                0x080007cc                SPI3_IRQHandler
                0x080007cc                DMA1_Stream4_IRQHandler
                0x080007cc                I2C1_ER_IRQHandler
                0x080007cc                DMA2_Stream6_IRQHandler
                0x080007cc                DMA1_Stream3_IRQHandler
 .text.main     0x080007d4       0x2c ..\obj\main.o
                0x080007d4                main
 .text.RCC_GetClocksFreq
                0x08000800      0x154 ..\obj\stm32f4xx_rcc.o
                0x08000800                RCC_GetClocksFreq
 .text.RCC_AHB1PeriphClockCmd
                0x08000954       0x3c ..\obj\stm32f4xx_rcc.o
                0x08000954                RCC_AHB1PeriphClockCmd
 .text.RCC_APB1PeriphClockCmd
                0x08000990       0x3c ..\obj\stm32f4xx_rcc.o
                0x08000990                RCC_APB1PeriphClockCmd
 .text.RCC_APB2PeriphClockCmd
                0x080009cc       0x3c ..\obj\stm32f4xx_rcc.o
                0x080009cc                RCC_APB2PeriphClockCmd
 .text.maak_lijn
                0x08000a08      0x19c ..\obj\draw_functions.o
                0x08000a08                maak_lijn
 .text.maak_ellips
                0x08000ba4       0xd0 ..\obj\draw_functions.o
                0x08000ba4                maak_ellips
 .text.maak_rechthoek
                0x08000c74       0x78 ..\obj\draw_functions.o
                0x08000c74                maak_rechthoek
 .text.maak_driehoek
                0x08000cec       0x8c ..\obj\draw_functions.o
                0x08000cec                maak_driehoek
 .text.maak_lijndriehoek
                0x08000d78      0x16c ..\obj\draw_functions.o
                0x08000d78                maak_lijndriehoek
 .text.maak_tekst
                0x08000ee4     0x44ec ..\obj\draw_functions.o
                0x08000ee4                maak_tekst
 .text.maak_bitmap
                0x080053d0      0x328 ..\obj\draw_functions.o
                0x080053d0                maak_bitmap
 .text.maak_clearscherm
                0x080056f8       0x34 ..\obj\draw_functions.o
                0x080056f8                maak_clearscherm
 *fill*         0x0800572c        0x4 
 .text.wacht    0x08005730       0xa0 ..\obj\draw_functions.o
                0x08005730                wacht
 .text.GPIO_Init
                0x080057d0      0x11c ..\obj\stm32f4xx_gpio.o
                0x080057d0                GPIO_Init
 .text.GPIO_PinAFConfig
                0x080058ec       0x90 ..\obj\stm32f4xx_gpio.o
                0x080058ec                GPIO_PinAFConfig
 .text.SystemInit
                0x0800597c       0x5c ..\obj\system_stm32f4xx.o
                0x0800597c                SystemInit
 .text.SetSysClock
                0x080059d8       0xf4 ..\obj\system_stm32f4xx.o
 .text.DMA_DeInit
                0x08005acc      0x1a4 ..\obj\stm32f4xx_dma.o
                0x08005acc                DMA_DeInit
 .text.DMA_Init
                0x08005c70       0xac ..\obj\stm32f4xx_dma.o
                0x08005c70                DMA_Init
 .text.DMA_Cmd  0x08005d1c       0x38 ..\obj\stm32f4xx_dma.o
                0x08005d1c                DMA_Cmd
 .text.DMA_ITConfig
                0x08005d54       0x74 ..\obj\stm32f4xx_dma.o
                0x08005d54                DMA_ITConfig
 .text.DMA_GetITStatus
                0x08005dc8       0xac ..\obj\stm32f4xx_dma.o
                0x08005dc8                DMA_GetITStatus
 .text.DMA_ClearITPendingBit
                0x08005e74       0x5c ..\obj\stm32f4xx_dma.o
                0x08005e74                DMA_ClearITPendingBit
 .text.UB_VGA_Screen_Init
                0x08005ed0       0x80 ..\obj\stm32_ub_vga_screen.o
                0x08005ed0                UB_VGA_Screen_Init
 .text.UB_VGA_FillScreen
                0x08005f50       0x44 ..\obj\stm32_ub_vga_screen.o
                0x08005f50                UB_VGA_FillScreen
 .text.UB_VGA_SetPixel
                0x08005f94       0x4c ..\obj\stm32_ub_vga_screen.o
                0x08005f94                UB_VGA_SetPixel
 .text.P_VGA_InitIO
                0x08005fe0       0xa8 ..\obj\stm32_ub_vga_screen.o
                0x08005fe0                P_VGA_InitIO
 .text.P_VGA_InitTIM
                0x08006088       0xcc ..\obj\stm32_ub_vga_screen.o
                0x08006088                P_VGA_InitTIM
 .text.P_VGA_InitINT
                0x08006154       0x58 ..\obj\stm32_ub_vga_screen.o
                0x08006154                P_VGA_InitINT
 .text.P_VGA_InitDMA
                0x080061ac       0x90 ..\obj\stm32_ub_vga_screen.o
                0x080061ac                P_VGA_InitDMA
 .text.TIM2_IRQHandler
                0x0800623c       0xbc ..\obj\stm32_ub_vga_screen.o
                0x0800623c                TIM2_IRQHandler
 .text.DMA2_Stream5_IRQHandler
                0x080062f8       0x4c ..\obj\stm32_ub_vga_screen.o
                0x080062f8                DMA2_Stream5_IRQHandler
 .text.NVIC_Init
                0x08006344       0xc0 ..\obj\misc.o
                0x08006344                NVIC_Init
 .text.TIM_TimeBaseInit
                0x08006404       0xd4 ..\obj\stm32f4xx_tim.o
                0x08006404                TIM_TimeBaseInit
 .text.TIM_ARRPreloadConfig
                0x080064d8       0x40 ..\obj\stm32f4xx_tim.o
                0x080064d8                TIM_ARRPreloadConfig
 .text.TIM_Cmd  0x08006518       0x40 ..\obj\stm32f4xx_tim.o
                0x08006518                TIM_Cmd
 .text.TIM_OC3Init
                0x08006558      0x10c ..\obj\stm32f4xx_tim.o
                0x08006558                TIM_OC3Init
 .text.TIM_OC4Init
                0x08006664       0xcc ..\obj\stm32f4xx_tim.o
                0x08006664                TIM_OC4Init
 .text.TIM_OC3PreloadConfig
                0x08006730       0x38 ..\obj\stm32f4xx_tim.o
                0x08006730                TIM_OC3PreloadConfig
 .text.TIM_OC4PreloadConfig
                0x08006768       0x3c ..\obj\stm32f4xx_tim.o
                0x08006768                TIM_OC4PreloadConfig
 .text.TIM_ITConfig
                0x080067a4       0x48 ..\obj\stm32f4xx_tim.o
                0x080067a4                TIM_ITConfig
 .text.TIM_ClearITPendingBit
                0x080067ec       0x20 ..\obj\stm32f4xx_tim.o
                0x080067ec                TIM_ClearITPendingBit
 .text.TIM_DMACmd
                0x0800680c       0x48 ..\obj\stm32f4xx_tim.o
                0x0800680c                TIM_DMACmd
 .text.string_Splitten
                0x08006854       0x54 ..\obj\logic_Layer.o
                0x08006854                string_Splitten
 .text.handleArgument
                0x080068a8      0x144 ..\obj\logic_Layer.o
                0x080068a8                handleArgument
 .text.handleFirstArgument
                0x080069ec      0x18c ..\obj\logic_Layer.o
                0x080069ec                handleFirstArgument
 .text          0x08006b78      0x370 c:/program files (x86)/gnu tools arm embedded/5.4 2016q2/bin/../lib/gcc/arm-none-eabi/5.4.1/armv7e-m\libgcc.a(_arm_addsubdf3.o)
                0x08006b78                __aeabi_drsub
                0x08006b80                __aeabi_dsub
                0x08006b80                __subdf3
                0x08006b84                __aeabi_dadd
                0x08006b84                __adddf3
                0x08006dfc                __floatunsidf
                0x08006dfc                __aeabi_ui2d
                0x08006e1c                __floatsidf
                0x08006e1c                __aeabi_i2d
                0x08006e40                __aeabi_f2d
                0x08006e40                __extendsfdf2
                0x08006e7c                __floatundidf
                0x08006e7c                __aeabi_ul2d
                0x08006e8c                __floatdidf
                0x08006e8c                __aeabi_l2d
 .text          0x08006ee8      0x424 c:/program files (x86)/gnu tools arm embedded/5.4 2016q2/bin/../lib/gcc/arm-none-eabi/5.4.1/armv7e-m\libgcc.a(_arm_muldivdf3.o)
                0x08006ee8                __aeabi_dmul
                0x08006ee8                __muldf3
                0x0800713c                __divdf3
                0x0800713c                __aeabi_ddiv
 .text          0x0800730c       0x50 c:/program files (x86)/gnu tools arm embedded/5.4 2016q2/bin/../lib/gcc/arm-none-eabi/5.4.1/armv7e-m\libgcc.a(_arm_fixdfsi.o)
                0x0800730c                __aeabi_d2iz
                0x0800730c                __fixdfsi
 .text          0x0800735c       0x40 c:/program files (x86)/gnu tools arm embedded/5.4 2016q2/bin/../lib/gcc/arm-none-eabi/5.4.1/armv7e-m\libgcc.a(_arm_fixunsdfsi.o)
                0x0800735c                __aeabi_d2uiz
                0x0800735c                __fixunsdfsi
 .text          0x0800739c      0x21c c:/program files (x86)/gnu tools arm embedded/5.4 2016q2/bin/../lib/gcc/arm-none-eabi/5.4.1/armv7e-m\libgcc.a(_arm_addsubsf3.o)
                0x0800739c                __aeabi_frsub
                0x080073a4                __subsf3
                0x080073a4                __aeabi_fsub
                0x080073a8                __aeabi_fadd
                0x080073a8                __addsf3
                0x08007508                __aeabi_ui2f
                0x08007508                __floatunsisf
                0x08007510                __aeabi_i2f
                0x08007510                __floatsisf
                0x0800752c                __aeabi_ul2f
                0x0800752c                __floatundisf
                0x0800753c                __aeabi_l2f
                0x0800753c                __floatdisf
 .text          0x080075b8      0x2a0 c:/program files (x86)/gnu tools arm embedded/5.4 2016q2/bin/../lib/gcc/arm-none-eabi/5.4.1/armv7e-m\libgcc.a(_arm_muldivsf3.o)
                0x080075b8                __mulsf3
                0x080075b8                __aeabi_fmul
                0x08007720                __aeabi_fdiv
                0x08007720                __divsf3
 .text.atoi     0x08007858        0x8 c:/program files (x86)/gnu tools arm embedded/5.4 2016q2/bin/../lib/gcc/arm-none-eabi/5.4.1/../../../../arm-none-eabi/lib/armv7e-m\libg.a(lib_a-atoi.o)
                0x08007858                atoi
 .text          0x08007860      0x134 c:/program files (x86)/gnu tools arm embedded/5.4 2016q2/bin/../lib/gcc/arm-none-eabi/5.4.1/../../../../arm-none-eabi/lib/armv7e-m\libg.a(lib_a-memcpy.o)
                0x08007860                memcpy
 .text.memset   0x08007994       0x9c c:/program files (x86)/gnu tools arm embedded/5.4 2016q2/bin/../lib/gcc/arm-none-eabi/5.4.1/../../../../arm-none-eabi/lib/armv7e-m\libg.a(lib_a-memset.o)
                0x08007994                memset
 *fill*         0x08007a30       0x10 
 .text          0x08007a40      0x2dc c:/program files (x86)/gnu tools arm embedded/5.4 2016q2/bin/../lib/gcc/arm-none-eabi/5.4.1/../../../../arm-none-eabi/lib/armv7e-m\libg.a(lib_a-strcmp.o)
                0x08007a48                strcmp
 .text.strcpy   0x08007d1c       0xbc c:/program files (x86)/gnu tools arm embedded/5.4 2016q2/bin/../lib/gcc/arm-none-eabi/5.4.1/../../../../arm-none-eabi/lib/armv7e-m\libg.a(lib_a-strcpy.o)
                0x08007d1c                strcpy
 .text.strtok   0x08007dd8       0x10 c:/program files (x86)/gnu tools arm embedded/5.4 2016q2/bin/../lib/gcc/arm-none-eabi/5.4.1/../../../../arm-none-eabi/lib/armv7e-m\libg.a(lib_a-strtok.o)
                0x08007dd8                strtok
 .text.__strtok_r
                0x08007de8       0x64 c:/program files (x86)/gnu tools arm embedded/5.4 2016q2/bin/../lib/gcc/arm-none-eabi/5.4.1/../../../../arm-none-eabi/lib/armv7e-m\libg.a(lib_a-strtok_r.o)
                0x08007de8                __strtok_r
 .text._strtol_r
                0x08007e4c      0x128 c:/program files (x86)/gnu tools arm embedded/5.4 2016q2/bin/../lib/gcc/arm-none-eabi/5.4.1/../../../../arm-none-eabi/lib/armv7e-m\libg.a(lib_a-strtol.o)
                0x08007e4c                _strtol_r
 .text.strtol   0x08007f74       0x18 c:/program files (x86)/gnu tools arm embedded/5.4 2016q2/bin/../lib/gcc/arm-none-eabi/5.4.1/../../../../arm-none-eabi/lib/armv7e-m\libg.a(lib_a-strtol.o)
                0x08007f74                strtol
 *(.init)
 *(.fini)
 *crtbegin.o(.ctors)
 *crtbegin?.o(.ctors)
 *(EXCLUDE_FILE(*crtend.o *crtend?.o) .ctors)
 *(SORT(.ctors.*))
 *(.ctors)
 *crtbegin.o(.dtors)
 *crtbegin?.o(.dtors)
 *(EXCLUDE_FILE(*crtend.o *crtend?.o) .dtors)
 *(SORT(.dtors.*))
 *(.dtors)
 *(.rodata*)
 .rodata        0x08007f8c       0x16 ..\obj\main.o
 *fill*         0x08007fa2        0x2 
 .rodata        0x08007fa4      0x96a ..\obj\draw_functions.o
 *fill*         0x0800890e        0x2 
 .rodata        0x08008910      0x156 ..\obj\logic_Layer.o
 *fill*         0x08008a66        0x2 
 .rodata._ctype_
                0x08008a68      0x101 c:/program files (x86)/gnu tools arm embedded/5.4 2016q2/bin/../lib/gcc/arm-none-eabi/5.4.1/../../../../arm-none-eabi/lib/armv7e-m\libg.a(lib_a-ctype_.o)
                0x08008a68                _ctype_
 *fill*         0x08008b69        0x3 
 .rodata.str1.4
                0x08008b6c        0x4 c:/program files (x86)/gnu tools arm embedded/5.4 2016q2/bin/../lib/gcc/arm-none-eabi/5.4.1/../../../../arm-none-eabi/lib/armv7e-m\libg.a(lib_a-impure.o)
                                  0x2 (size before relaxing)
 *(.eh_fram e*)

.glue_7         0x08008b70        0x0
 .glue_7        0x08008b70        0x0 linker stubs

.glue_7t        0x08008b70        0x0
 .glue_7t       0x08008b70        0x0 linker stubs

.vfp11_veneer   0x08008b70        0x0
 .vfp11_veneer  0x08008b70        0x0 linker stubs

.v4_bx          0x08008b70        0x0
 .v4_bx         0x08008b70        0x0 linker stubs

.iplt           0x08008b70        0x0
 .iplt          0x08008b70        0x0 ..\obj\front_Layer.o

.rel.dyn        0x08008b70        0x0
 .rel.iplt      0x08008b70        0x0 ..\obj\front_Layer.o

.ARM.extab
 *(.ARM.extab* .gnu.linkonce.armextab.*)
                0x08008b70                __exidx_start = .

.ARM.exidx
 *(.ARM.exidx* .gnu.linkonce.armexidx.*)
                0x08008b70                __exidx_end = .
                0x08008b70                __etext = .
                0x08008b70                _sidata = __etext

.data           0x20000000      0x444 load address 0x08008b70
                0x20000000                __data_start__ = .
                0x20000000                _sdata = __data_start__
 *(vtable)
 *(.data*)
 .data          0x20000000       0x10 ..\obj\stm32f4xx_rcc.o
 .data.__ctype_ptr__
                0x20000010        0x4 c:/program files (x86)/gnu tools arm embedded/5.4 2016q2/bin/../lib/gcc/arm-none-eabi/5.4.1/../../../../arm-none-eabi/lib/armv7e-m\libg.a(lib_a-ctype_.o)
                0x20000010                __ctype_ptr__
 *fill*         0x20000014        0x4 
 .data.impure_data
                0x20000018      0x428 c:/program files (x86)/gnu tools arm embedded/5.4 2016q2/bin/../lib/gcc/arm-none-eabi/5.4.1/../../../../arm-none-eabi/lib/armv7e-m\libg.a(lib_a-impure.o)
 .data._impure_ptr
                0x20000440        0x4 c:/program files (x86)/gnu tools arm embedded/5.4 2016q2/bin/../lib/gcc/arm-none-eabi/5.4.1/../../../../arm-none-eabi/lib/armv7e-m\libg.a(lib_a-impure.o)
                0x20000440                _impure_ptr
                0x20000444                . = ALIGN (0x4)
                [!provide]                PROVIDE (__preinit_array_start, .)
 *(.preinit_array)
                [!provide]                PROVIDE (__preinit_array_end, .)
                0x20000444                . = ALIGN (0x4)
                [!provide]                PROVIDE (__init_array_start, .)
 *(SORT(.init_array.*))
 *(.init_array)
                [!provide]                PROVIDE (__init_array_end, .)
                0x20000444                . = ALIGN (0x4)
                [!provide]                PROVIDE (__fini_array_start, .)
 *(SORT(.fini_array.*))
 *(.fini_array)
                [!provide]                PROVIDE (__fini_array_end, .)
 *(.jcr*)
                0x20000444                . = ALIGN (0x4)
                0x20000444                __data_end__ = .
                0x20000444                _edata = __data_end__

.igot.plt       0x20000444        0x0 load address 0x08008fb4
 .igot.plt      0x20000444        0x0 ..\obj\front_Layer.o

.bss            0x20000444    0x12e68 load address 0x08008fb4
                0x20000444                . = ALIGN (0x4)
                0x20000444                __bss_start__ = .
                0x20000444                _sbss = __bss_start__
 *(.bss*)
 .bss           0x20000444        0x4 ..\obj\uart.o
                0x20000444                charcounter
 *(COMMON)
 COMMON         0x20000448       0xc8 ..\obj\uart.o
                0x20000448                arg1
                0x200004ac                string
 COMMON         0x20000510    0x12cfc ..\obj\main.o
                0x20000510                VGA
                0x2000051c                VGA_RAM1
 COMMON         0x2001320c       0xa0 ..\obj\logic_Layer.o
                0x2001320c                dataArg
                0x200132ac                . = ALIGN (0x4)
                0x200132ac                __bss_end__ = .
                0x200132ac                _ebss = __bss_end__

.heap           0x200132ac        0x0
                0x200132ac                __end__ = .
                0x200132ac                _end = __end__
                0x200132ac                end = __end__
 *(.heap*)
                0x200132ac                __HeapLimit = .

.co_stack       0x200132ac      0x804 load address 0x0801be1c
                0x200132b0                . = ALIGN (0x8)
 *fill*         0x200132ac        0x4 
 *(.co_stack .co_stack.*)
 .co_stack      0x200132b0      0x800 ..\obj\startup_stm32f4xx.o
                0x200132b0                pulStack
                0x20020000                __StackTop = (ORIGIN (ram) + LENGTH (ram))
                0x2001f7fc                __StackLimit = (__StackTop - SIZEOF (.co_stack))
                [!provide]                PROVIDE (__stack, __StackTop)
                0x00000001                ASSERT ((__StackLimit >= __HeapLimit), region ram  overflowed with stack)
LOAD ..\obj\front_Layer.o
LOAD ..\obj\stm32f4xx_usart.o
LOAD ..\obj\uart.o
LOAD ..\obj\startup_stm32f4xx.o
LOAD ..\obj\main.o
LOAD ..\obj\stm32f4xx_rcc.o
LOAD ..\obj\draw_functions.o
LOAD ..\obj\IO_Layer.o
LOAD ..\obj\stm32f4xx_gpio.o
LOAD ..\obj\system_stm32f4xx.o
LOAD ..\obj\stm32f4xx_dma.o
LOAD ..\obj\stm32_ub_vga_screen.o
LOAD ..\obj\misc.o
LOAD ..\obj\stm32f4xx_tim.o
LOAD ..\obj\logic_Layer.o
LOAD c:/program files (x86)/gnu tools arm embedded/5.4 2016q2/bin/../lib/gcc/arm-none-eabi/5.4.1/../../../../arm-none-eabi/lib/armv7e-m\libm.a
START GROUP
LOAD c:/program files (x86)/gnu tools arm embedded/5.4 2016q2/bin/../lib/gcc/arm-none-eabi/5.4.1/armv7e-m\libgcc.a
LOAD c:/program files (x86)/gnu tools arm embedded/5.4 2016q2/bin/../lib/gcc/arm-none-eabi/5.4.1/../../../../arm-none-eabi/lib/armv7e-m\libg.a
LOAD c:/program files (x86)/gnu tools arm embedded/5.4 2016q2/bin/../lib/gcc/arm-none-eabi/5.4.1/../../../../arm-none-eabi/lib/armv7e-m\libc.a
END GROUP
OUTPUT(VGA_Core.elf elf32-littlearm)

.debug_info     0x00000000     0x7207
 .debug_info    0x00000000       0xa0 ..\obj\front_Layer.o
 .debug_info    0x000000a0      0x9ca ..\obj\stm32f4xx_usart.o
 .debug_info    0x00000a6a      0x99c ..\obj\uart.o
 .debug_info    0x00001406       0xf2 ..\obj\startup_stm32f4xx.o
 .debug_info    0x000014f8      0x1a8 ..\obj\main.o
 .debug_info    0x000016a0      0xc63 ..\obj\stm32f4xx_rcc.o
 .debug_info    0x00002303      0xb9f ..\obj\draw_functions.o
 .debug_info    0x00002ea2      0x61a ..\obj\stm32f4xx_gpio.o
 .debug_info    0x000034bc      0x5c5 ..\obj\system_stm32f4xx.o
 .debug_info    0x00003a81      0x741 ..\obj\stm32f4xx_dma.o
 .debug_info    0x000041c2      0xad9 ..\obj\stm32_ub_vga_screen.o
 .debug_info    0x00004c9b      0x556 ..\obj\misc.o
 .debug_info    0x000051f1     0x1c69 ..\obj\stm32f4xx_tim.o
 .debug_info    0x00006e5a      0x3ad ..\obj\logic_Layer.o

.debug_abbrev   0x00000000     0x130e
 .debug_abbrev  0x00000000       0xa6 ..\obj\front_Layer.o
 .debug_abbrev  0x000000a6      0x157 ..\obj\stm32f4xx_usart.o
 .debug_abbrev  0x000001fd      0x1cc ..\obj\uart.o
 .debug_abbrev  0x000003c9       0xb0 ..\obj\startup_stm32f4xx.o
 .debug_abbrev  0x00000479       0xc0 ..\obj\main.o
 .debug_abbrev  0x00000539      0x1e5 ..\obj\stm32f4xx_rcc.o
 .debug_abbrev  0x0000071e      0x1b1 ..\obj\draw_functions.o
 .debug_abbrev  0x000008cf      0x1a7 ..\obj\stm32f4xx_gpio.o
 .debug_abbrev  0x00000a76      0x138 ..\obj\system_stm32f4xx.o
 .debug_abbrev  0x00000bae      0x157 ..\obj\stm32f4xx_dma.o
 .debug_abbrev  0x00000d05      0x1d0 ..\obj\stm32_ub_vga_screen.o
 .debug_abbrev  0x00000ed5      0x147 ..\obj\misc.o
 .debug_abbrev  0x0000101c      0x189 ..\obj\stm32f4xx_tim.o
 .debug_abbrev  0x000011a5      0x169 ..\obj\logic_Layer.o

.debug_aranges  0x00000000      0x8d8
 .debug_aranges
                0x00000000       0x20 ..\obj\front_Layer.o
 .debug_aranges
                0x00000020      0x100 ..\obj\stm32f4xx_usart.o
 .debug_aranges
                0x00000120       0x68 ..\obj\uart.o
 .debug_aranges
                0x00000188       0x28 ..\obj\startup_stm32f4xx.o
 .debug_aranges
                0x000001b0       0x20 ..\obj\main.o
 .debug_aranges
                0x000001d0      0x178 ..\obj\stm32f4xx_rcc.o
 .debug_aranges
                0x00000348       0x60 ..\obj\draw_functions.o
 .debug_aranges
                0x000003a8       0x88 ..\obj\stm32f4xx_gpio.o
 .debug_aranges
                0x00000430       0x30 ..\obj\system_stm32f4xx.o
 .debug_aranges
                0x00000460       0xb0 ..\obj\stm32f4xx_dma.o
 .debug_aranges
                0x00000510       0x60 ..\obj\stm32_ub_vga_screen.o
 .debug_aranges
                0x00000570       0x40 ..\obj\misc.o
 .debug_aranges
                0x000005b0      0x2f8 ..\obj\stm32f4xx_tim.o
 .debug_aranges
                0x000008a8       0x30 ..\obj\logic_Layer.o

.debug_ranges   0x00000000      0x7f8
 .debug_ranges  0x00000000       0x10 ..\obj\front_Layer.o
 .debug_ranges  0x00000010       0xf0 ..\obj\stm32f4xx_usart.o
 .debug_ranges  0x00000100       0x58 ..\obj\uart.o
 .debug_ranges  0x00000158       0x18 ..\obj\startup_stm32f4xx.o
 .debug_ranges  0x00000170       0x10 ..\obj\main.o
 .debug_ranges  0x00000180      0x168 ..\obj\stm32f4xx_rcc.o
 .debug_ranges  0x000002e8       0x50 ..\obj\draw_functions.o
 .debug_ranges  0x00000338       0x78 ..\obj\stm32f4xx_gpio.o
 .debug_ranges  0x000003b0       0x20 ..\obj\system_stm32f4xx.o
 .debug_ranges  0x000003d0       0xa0 ..\obj\stm32f4xx_dma.o
 .debug_ranges  0x00000470       0x50 ..\obj\stm32_ub_vga_screen.o
 .debug_ranges  0x000004c0       0x30 ..\obj\misc.o
 .debug_ranges  0x000004f0      0x2e8 ..\obj\stm32f4xx_tim.o
 .debug_ranges  0x000007d8       0x20 ..\obj\logic_Layer.o

.debug_line     0x00000000     0x336d
 .debug_line    0x00000000       0x77 ..\obj\front_Layer.o
 .debug_line    0x00000077      0x4d1 ..\obj\stm32f4xx_usart.o
 .debug_line    0x00000548      0x3fc ..\obj\uart.o
 .debug_line    0x00000944       0x9f ..\obj\startup_stm32f4xx.o
 .debug_line    0x000009e3      0x1d2 ..\obj\main.o
 .debug_line    0x00000bb5      0x5bd ..\obj\stm32f4xx_rcc.o
 .debug_line    0x00001172      0x4e5 ..\obj\draw_functions.o
 .debug_line    0x00001657      0x378 ..\obj\stm32f4xx_gpio.o
 .debug_line    0x000019cf      0x1fe ..\obj\system_stm32f4xx.o
 .debug_line    0x00001bcd      0x442 ..\obj\stm32f4xx_dma.o
 .debug_line    0x0000200f      0x3aa ..\obj\stm32_ub_vga_screen.o
 .debug_line    0x000023b9      0x256 ..\obj\misc.o
 .debug_line    0x0000260f      0xad9 ..\obj\stm32f4xx_tim.o
 .debug_line    0x000030e8      0x285 ..\obj\logic_Layer.o

.debug_str      0x00000000     0x2da0
 .debug_str     0x00000000       0xe3 ..\obj\front_Layer.o
                                 0xe8 (size before relaxing)
 .debug_str     0x000000e3      0x58d ..\obj\stm32f4xx_usart.o
                                0x68d (size before relaxing)
 .debug_str     0x00000670      0x886 ..\obj\uart.o
                                0xb02 (size before relaxing)
 .debug_str     0x00000ef6       0xae ..\obj\startup_stm32f4xx.o
                                0x145 (size before relaxing)
 .debug_str     0x00000fa4       0x61 ..\obj\main.o
                                0x1ec (size before relaxing)
 .debug_str     0x00001005      0x5e1 ..\obj\stm32f4xx_rcc.o
                                0x84e (size before relaxing)
 .debug_str     0x000015e6      0x2cf ..\obj\draw_functions.o
                                0x553 (size before relaxing)
 .debug_str     0x000018b5      0x1a1 ..\obj\stm32f4xx_gpio.o
                                0x4a1 (size before relaxing)
 .debug_str     0x00001a56      0x116 ..\obj\system_stm32f4xx.o
                                0x3a8 (size before relaxing)
 .debug_str     0x00001b6c      0x395 ..\obj\stm32f4xx_dma.o
                                0x540 (size before relaxing)
 .debug_str     0x00001f01      0x2a4 ..\obj\stm32_ub_vga_screen.o
                                0xcdb (size before relaxing)
 .debug_str     0x000021a5      0x15f ..\obj\misc.o
                                0x3cc (size before relaxing)
 .debug_str     0x00002304      0x9fc ..\obj\stm32f4xx_tim.o
                                0xdce (size before relaxing)
 .debug_str     0x00002d00       0xa0 ..\obj\logic_Layer.o
                                0x2cb (size before relaxing)

.comment        0x00000000       0x6e
 .comment       0x00000000       0x6e ..\obj\front_Layer.o
                                 0x6f (size before relaxing)
 .comment       0x0000006e       0x6f ..\obj\stm32f4xx_usart.o
 .comment       0x0000006e       0x6f ..\obj\uart.o
 .comment       0x0000006e       0x6f ..\obj\startup_stm32f4xx.o
 .comment       0x0000006e       0x6f ..\obj\main.o
 .comment       0x0000006e       0x6f ..\obj\stm32f4xx_rcc.o
 .comment       0x0000006e       0x6f ..\obj\draw_functions.o
 .comment       0x0000006e       0x6f ..\obj\stm32f4xx_gpio.o
 .comment       0x0000006e       0x6f ..\obj\system_stm32f4xx.o
 .comment       0x0000006e       0x6f ..\obj\stm32f4xx_dma.o
 .comment       0x0000006e       0x6f ..\obj\stm32_ub_vga_screen.o
 .comment       0x0000006e       0x6f ..\obj\misc.o
 .comment       0x0000006e       0x6f ..\obj\stm32f4xx_tim.o
 .comment       0x0000006e       0x6f ..\obj\logic_Layer.o

.ARM.attributes
                0x00000000       0x31
 .ARM.attributes
                0x00000000       0x33 ..\obj\front_Layer.o
 .ARM.attributes
                0x00000033       0x33 ..\obj\stm32f4xx_usart.o
 .ARM.attributes
                0x00000066       0x33 ..\obj\uart.o
 .ARM.attributes
                0x00000099       0x33 ..\obj\startup_stm32f4xx.o
 .ARM.attributes
                0x000000cc       0x33 ..\obj\main.o
 .ARM.attributes
                0x000000ff       0x33 ..\obj\stm32f4xx_rcc.o
 .ARM.attributes
                0x00000132       0x33 ..\obj\draw_functions.o
 .ARM.attributes
                0x00000165       0x33 ..\obj\stm32f4xx_gpio.o
 .ARM.attributes
                0x00000198       0x33 ..\obj\system_stm32f4xx.o
 .ARM.attributes
                0x000001cb       0x33 ..\obj\stm32f4xx_dma.o
 .ARM.attributes
                0x000001fe       0x33 ..\obj\stm32_ub_vga_screen.o
 .ARM.attributes
                0x00000231       0x33 ..\obj\misc.o
 .ARM.attributes
                0x00000264       0x33 ..\obj\stm32f4xx_tim.o
 .ARM.attributes
                0x00000297       0x33 ..\obj\logic_Layer.o
 .ARM.attributes
                0x000002ca       0x1e c:/program files (x86)/gnu tools arm embedded/5.4 2016q2/bin/../lib/gcc/arm-none-eabi/5.4.1/armv7e-m\libgcc.a(_arm_addsubdf3.o)
 .ARM.attributes
                0x000002e8       0x1e c:/program files (x86)/gnu tools arm embedded/5.4 2016q2/bin/../lib/gcc/arm-none-eabi/5.4.1/armv7e-m\libgcc.a(_arm_muldivdf3.o)
 .ARM.attributes
                0x00000306       0x1e c:/program files (x86)/gnu tools arm embedded/5.4 2016q2/bin/../lib/gcc/arm-none-eabi/5.4.1/armv7e-m\libgcc.a(_arm_fixdfsi.o)
 .ARM.attributes
                0x00000324       0x1e c:/program files (x86)/gnu tools arm embedded/5.4 2016q2/bin/../lib/gcc/arm-none-eabi/5.4.1/armv7e-m\libgcc.a(_arm_fixunsdfsi.o)
 .ARM.attributes
                0x00000342       0x1e c:/program files (x86)/gnu tools arm embedded/5.4 2016q2/bin/../lib/gcc/arm-none-eabi/5.4.1/armv7e-m\libgcc.a(_arm_addsubsf3.o)
 .ARM.attributes
                0x00000360       0x1e c:/program files (x86)/gnu tools arm embedded/5.4 2016q2/bin/../lib/gcc/arm-none-eabi/5.4.1/armv7e-m\libgcc.a(_arm_muldivsf3.o)
 .ARM.attributes
                0x0000037e       0x2e c:/program files (x86)/gnu tools arm embedded/5.4 2016q2/bin/../lib/gcc/arm-none-eabi/5.4.1/../../../../arm-none-eabi/lib/armv7e-m\libg.a(lib_a-atoi.o)
 .ARM.attributes
                0x000003ac       0x1c c:/program files (x86)/gnu tools arm embedded/5.4 2016q2/bin/../lib/gcc/arm-none-eabi/5.4.1/../../../../arm-none-eabi/lib/armv7e-m\libg.a(lib_a-memcpy.o)
 .ARM.attributes
                0x000003c8       0x2e c:/program files (x86)/gnu tools arm embedded/5.4 2016q2/bin/../lib/gcc/arm-none-eabi/5.4.1/../../../../arm-none-eabi/lib/armv7e-m\libg.a(lib_a-memset.o)
 .ARM.attributes
                0x000003f6       0x1c c:/program files (x86)/gnu tools arm embedded/5.4 2016q2/bin/../lib/gcc/arm-none-eabi/5.4.1/../../../../arm-none-eabi/lib/armv7e-m\libg.a(lib_a-strcmp.o)
 .ARM.attributes
                0x00000412       0x2e c:/program files (x86)/gnu tools arm embedded/5.4 2016q2/bin/../lib/gcc/arm-none-eabi/5.4.1/../../../../arm-none-eabi/lib/armv7e-m\libg.a(lib_a-strcpy.o)
 .ARM.attributes
                0x00000440       0x2e c:/program files (x86)/gnu tools arm embedded/5.4 2016q2/bin/../lib/gcc/arm-none-eabi/5.4.1/../../../../arm-none-eabi/lib/armv7e-m\libg.a(lib_a-strtok.o)
 .ARM.attributes
                0x0000046e       0x2e c:/program files (x86)/gnu tools arm embedded/5.4 2016q2/bin/../lib/gcc/arm-none-eabi/5.4.1/../../../../arm-none-eabi/lib/armv7e-m\libg.a(lib_a-strtok_r.o)
 .ARM.attributes
                0x0000049c       0x2e c:/program files (x86)/gnu tools arm embedded/5.4 2016q2/bin/../lib/gcc/arm-none-eabi/5.4.1/../../../../arm-none-eabi/lib/armv7e-m\libg.a(lib_a-strtol.o)
 .ARM.attributes
                0x000004ca       0x2e c:/program files (x86)/gnu tools arm embedded/5.4 2016q2/bin/../lib/gcc/arm-none-eabi/5.4.1/../../../../arm-none-eabi/lib/armv7e-m\libg.a(lib_a-ctype_.o)
 .ARM.attributes
                0x000004f8       0x2e c:/program files (x86)/gnu tools arm embedded/5.4 2016q2/bin/../lib/gcc/arm-none-eabi/5.4.1/../../../../arm-none-eabi/lib/armv7e-m\libg.a(lib_a-impure.o)

.debug_frame    0x00000000     0x2770
 .debug_frame   0x00000000       0x34 ..\obj\front_Layer.o
 .debug_frame   0x00000034      0x490 ..\obj\stm32f4xx_usart.o
 .debug_frame   0x000004c4      0x198 ..\obj\uart.o
 .debug_frame   0x0000065c       0x4c ..\obj\startup_stm32f4xx.o
 .debug_frame   0x000006a8       0x2c ..\obj\main.o
 .debug_frame   0x000006d4      0x6d4 ..\obj\stm32f4xx_rcc.o
 .debug_frame   0x00000da8      0x170 ..\obj\draw_functions.o
 .debug_frame   0x00000f18      0x23c ..\obj\stm32f4xx_gpio.o
 .debug_frame   0x00001154       0x7c ..\obj\system_stm32f4xx.o
 .debug_frame   0x000011d0      0x308 ..\obj\stm32f4xx_dma.o
 .debug_frame   0x000014d8      0x148 ..\obj\stm32_ub_vga_screen.o
 .debug_frame   0x00001620       0xd8 ..\obj\misc.o
 .debug_frame   0x000016f8      0xe54 ..\obj\stm32f4xx_tim.o
 .debug_frame   0x0000254c       0x7c ..\obj\logic_Layer.o
 .debug_frame   0x000025c8       0x30 c:/program files (x86)/gnu tools arm embedded/5.4 2016q2/bin/../lib/gcc/arm-none-eabi/5.4.1/../../../../arm-none-eabi/lib/armv7e-m\libg.a(lib_a-atoi.o)
 .debug_frame   0x000025f8       0x34 c:/program files (x86)/gnu tools arm embedded/5.4 2016q2/bin/../lib/gcc/arm-none-eabi/5.4.1/../../../../arm-none-eabi/lib/armv7e-m\libg.a(lib_a-memset.o)
 .debug_frame   0x0000262c       0x68 c:/program files (x86)/gnu tools arm embedded/5.4 2016q2/bin/../lib/gcc/arm-none-eabi/5.4.1/../../../../arm-none-eabi/lib/armv7e-m\libg.a(lib_a-strcmp.o)
 .debug_frame   0x00002694       0x20 c:/program files (x86)/gnu tools arm embedded/5.4 2016q2/bin/../lib/gcc/arm-none-eabi/5.4.1/../../../../arm-none-eabi/lib/armv7e-m\libg.a(lib_a-strcpy.o)
 .debug_frame   0x000026b4       0x20 c:/program files (x86)/gnu tools arm embedded/5.4 2016q2/bin/../lib/gcc/arm-none-eabi/5.4.1/../../../../arm-none-eabi/lib/armv7e-m\libg.a(lib_a-strtok.o)
 .debug_frame   0x000026d4       0x48 c:/program files (x86)/gnu tools arm embedded/5.4 2016q2/bin/../lib/gcc/arm-none-eabi/5.4.1/../../../../arm-none-eabi/lib/armv7e-m\libg.a(lib_a-strtok_r.o)
 .debug_frame   0x0000271c       0x54 c:/program files (x86)/gnu tools arm embedded/5.4 2016q2/bin/../lib/gcc/arm-none-eabi/5.4.1/../../../../arm-none-eabi/lib/armv7e-m\libg.a(lib_a-strtol.o)
